<!doctype html public "-//w3c//dtd html 4.0 transitional//en">
<html><head>
<title>Static Call Graph - [.\Output\Project.axf]</title></head>
<body><HR>
<H1>Static Call Graph for image .\Output\Project.axf</H1><HR>
<BR><P>#&#060CALLGRAPH&#062# ARM Linker, 5060960: Last Updated: Tue Jul 02 17:28:36 2024
<BR><P>
<H3>Maximum Stack Usage =        124 bytes + Unknown(Cycles, Untraceable Function Pointers)</H3><H3>
Call chain for Maximum Stack Depth:</H3>
main &rArr; $Super$$main &rArr; Hearting_Ctrl &rArr; read_Batvol0 &rArr; ADC_GetData &rArr; GET_ADCValue &rArr; APP_AdcEnable
<P>
<H3>
Mutually Recursive functions
</H3> <LI><a href="#[f]">ADC_COMP_IRQHandler</a>&nbsp;&nbsp;&nbsp;&rArr;&nbsp;&nbsp;&nbsp;<a href="#[f]">ADC_COMP_IRQHandler</a><BR>
 <LI><a href="#[2]">HardFault_Handler</a>&nbsp;&nbsp;&nbsp;&rArr;&nbsp;&nbsp;&nbsp;<a href="#[2]">HardFault_Handler</a><BR>
</UL>
<P>
<H3>
Function Pointers
</H3><UL>
 <LI><a href="#[f]">ADC_COMP_IRQHandler</a> from startup_py32c616xx.o(.text) referenced from startup_py32c616xx.o(RESET)
 <LI><a href="#[d]">DMA1_Channel1_IRQHandler</a> from startup_py32c616xx.o(.text) referenced from startup_py32c616xx.o(RESET)
 <LI><a href="#[e]">DMA1_Channel2_3_IRQHandler</a> from startup_py32c616xx.o(.text) referenced from startup_py32c616xx.o(RESET)
 <LI><a href="#[a]">EXTI0_1_IRQHandler</a> from py32c6xx_it.o(i.EXTI0_1_IRQHandler) referenced from startup_py32c616xx.o(RESET)
 <LI><a href="#[b]">EXTI2_3_IRQHandler</a> from py32c6xx_it.o(i.EXTI2_3_IRQHandler) referenced from startup_py32c616xx.o(RESET)
 <LI><a href="#[c]">EXTI4_15_IRQHandler</a> from py32c6xx_it.o(i.EXTI4_15_IRQHandler) referenced from startup_py32c616xx.o(RESET)
 <LI><a href="#[8]">FLASH_IRQHandler</a> from startup_py32c616xx.o(.text) referenced from startup_py32c616xx.o(RESET)
 <LI><a href="#[2]">HardFault_Handler</a> from py32c6xx_it.o(i.HardFault_Handler) referenced from startup_py32c616xx.o(RESET)
 <LI><a href="#[15]">LED_IRQHandler</a> from startup_py32c616xx.o(.text) referenced from startup_py32c616xx.o(RESET)
 <LI><a href="#[13]">LPTIM1_IRQHandler</a> from py32c6xx_it.o(i.LPTIM1_IRQHandler) referenced from startup_py32c616xx.o(RESET)
 <LI><a href="#[1]">NMI_Handler</a> from py32c6xx_it.o(i.NMI_Handler) referenced from startup_py32c616xx.o(RESET)
 <LI><a href="#[7]">PVD_IRQHandler</a> from startup_py32c616xx.o(.text) referenced from startup_py32c616xx.o(RESET)
 <LI><a href="#[4]">PendSV_Handler</a> from py32c6xx_it.o(i.PendSV_Handler) referenced from startup_py32c616xx.o(RESET)
 <LI><a href="#[9]">RCC_IRQHandler</a> from startup_py32c616xx.o(.text) referenced from startup_py32c616xx.o(RESET)
 <LI><a href="#[0]">Reset_Handler</a> from startup_py32c616xx.o(.text) referenced from startup_py32c616xx.o(RESET)
 <LI><a href="#[3]">SVC_Handler</a> from py32c6xx_it.o(i.SVC_Handler) referenced from startup_py32c616xx.o(RESET)
 <LI><a href="#[5]">SysTick_Handler</a> from py32c6xx_it.o(i.SysTick_Handler) referenced from startup_py32c616xx.o(RESET)
 <LI><a href="#[17]">SystemInit</a> from system_py32c6xx.o(i.SystemInit) referenced from startup_py32c616xx.o(.text)
 <LI><a href="#[14]">TIM14_IRQHandler</a> from startup_py32c616xx.o(.text) referenced from startup_py32c616xx.o(RESET)
 <LI><a href="#[10]">TIM1_BRK_UP_TRG_COM_IRQHandler</a> from startup_py32c616xx.o(.text) referenced from startup_py32c616xx.o(RESET)
 <LI><a href="#[11]">TIM1_CC_IRQHandler</a> from startup_py32c616xx.o(.text) referenced from startup_py32c616xx.o(RESET)
 <LI><a href="#[12]">TIM3_IRQHandler</a> from startup_py32c616xx.o(.text) referenced from startup_py32c616xx.o(RESET)
 <LI><a href="#[6]">WWDG_IRQHandler</a> from startup_py32c616xx.o(.text) referenced from startup_py32c616xx.o(RESET)
 <LI><a href="#[18]">__main</a> from entry.o(.ARM.Collect$$$$00000000) referenced from startup_py32c616xx.o(.text)
 <LI><a href="#[16]">main</a> from system_py32c6xx.o(i.$Sub$$main) referenced from entry9a.o(.ARM.Collect$$$$0000000B)
</UL>
<P>
<H3>
Global Symbols
</H3>
<P><STRONG><a name="[18]"></a>__main</STRONG> (Thumb, 0 bytes, Stack size unknown bytes, entry.o(.ARM.Collect$$$$00000000))
<BR>[Address Reference Count : 1]<UL><LI> startup_py32c616xx.o(.text)
</UL>
<P><STRONG><a name="[75]"></a>_main_stk</STRONG> (Thumb, 0 bytes, Stack size unknown bytes, entry2.o(.ARM.Collect$$$$00000001))

<P><STRONG><a name="[19]"></a>_main_scatterload</STRONG> (Thumb, 0 bytes, Stack size unknown bytes, entry5.o(.ARM.Collect$$$$00000004))
<BR><BR>[Calls]<UL><LI><a href="#[1a]">&gt;&gt;</a>&nbsp;&nbsp;&nbsp;__scatterload
</UL>

<P><STRONG><a name="[22]"></a>__main_after_scatterload</STRONG> (Thumb, 0 bytes, Stack size unknown bytes, entry5.o(.ARM.Collect$$$$00000004))
<BR><BR>[Called By]<UL><LI><a href="#[1a]">&gt;&gt;</a>&nbsp;&nbsp;&nbsp;__scatterload
</UL>

<P><STRONG><a name="[76]"></a>_main_clock</STRONG> (Thumb, 0 bytes, Stack size unknown bytes, entry7b.o(.ARM.Collect$$$$00000008))

<P><STRONG><a name="[77]"></a>_main_cpp_init</STRONG> (Thumb, 0 bytes, Stack size unknown bytes, entry8b.o(.ARM.Collect$$$$0000000A))

<P><STRONG><a name="[78]"></a>_main_init</STRONG> (Thumb, 0 bytes, Stack size unknown bytes, entry9a.o(.ARM.Collect$$$$0000000B))

<P><STRONG><a name="[1b]"></a>__rt_lib_shutdown_fini</STRONG> (Thumb, 0 bytes, Stack size unknown bytes, entry12b.o(.ARM.Collect$$$$0000000E))
<BR><BR>[Calls]<UL><LI><a href="#[1c]">&gt;&gt;</a>&nbsp;&nbsp;&nbsp;__arm_fini_ (Weak Reference)
</UL>

<P><STRONG><a name="[79]"></a>__rt_final_cpp</STRONG> (Thumb, 0 bytes, Stack size unknown bytes, entry10a.o(.ARM.Collect$$$$0000000F))

<P><STRONG><a name="[7a]"></a>__rt_final_exit</STRONG> (Thumb, 0 bytes, Stack size unknown bytes, entry11a.o(.ARM.Collect$$$$00000011))

<P><STRONG><a name="[0]"></a>Reset_Handler</STRONG> (Thumb, 8 bytes, Stack size 0 bytes, startup_py32c616xx.o(.text))
<BR>[Address Reference Count : 1]<UL><LI> startup_py32c616xx.o(RESET)
</UL>
<P><STRONG><a name="[f]"></a>ADC_COMP_IRQHandler</STRONG> (Thumb, 0 bytes, Stack size 0 bytes, startup_py32c616xx.o(.text))
<BR><BR>[Calls]<UL><LI><a href="#[f]">&gt;&gt;</a>&nbsp;&nbsp;&nbsp;ADC_COMP_IRQHandler
</UL>
<BR>[Called By]<UL><LI><a href="#[f]">&gt;&gt;</a>&nbsp;&nbsp;&nbsp;ADC_COMP_IRQHandler
</UL>
<BR>[Address Reference Count : 1]<UL><LI> startup_py32c616xx.o(RESET)
</UL>
<P><STRONG><a name="[d]"></a>DMA1_Channel1_IRQHandler</STRONG> (Thumb, 0 bytes, Stack size 0 bytes, startup_py32c616xx.o(.text))
<BR>[Address Reference Count : 1]<UL><LI> startup_py32c616xx.o(RESET)
</UL>
<P><STRONG><a name="[e]"></a>DMA1_Channel2_3_IRQHandler</STRONG> (Thumb, 0 bytes, Stack size 0 bytes, startup_py32c616xx.o(.text))
<BR>[Address Reference Count : 1]<UL><LI> startup_py32c616xx.o(RESET)
</UL>
<P><STRONG><a name="[8]"></a>FLASH_IRQHandler</STRONG> (Thumb, 0 bytes, Stack size 0 bytes, startup_py32c616xx.o(.text))
<BR>[Address Reference Count : 1]<UL><LI> startup_py32c616xx.o(RESET)
</UL>
<P><STRONG><a name="[15]"></a>LED_IRQHandler</STRONG> (Thumb, 0 bytes, Stack size 0 bytes, startup_py32c616xx.o(.text))
<BR>[Address Reference Count : 1]<UL><LI> startup_py32c616xx.o(RESET)
</UL>
<P><STRONG><a name="[7]"></a>PVD_IRQHandler</STRONG> (Thumb, 0 bytes, Stack size 0 bytes, startup_py32c616xx.o(.text))
<BR>[Address Reference Count : 1]<UL><LI> startup_py32c616xx.o(RESET)
</UL>
<P><STRONG><a name="[9]"></a>RCC_IRQHandler</STRONG> (Thumb, 0 bytes, Stack size 0 bytes, startup_py32c616xx.o(.text))
<BR>[Address Reference Count : 1]<UL><LI> startup_py32c616xx.o(RESET)
</UL>
<P><STRONG><a name="[14]"></a>TIM14_IRQHandler</STRONG> (Thumb, 0 bytes, Stack size 0 bytes, startup_py32c616xx.o(.text))
<BR>[Address Reference Count : 1]<UL><LI> startup_py32c616xx.o(RESET)
</UL>
<P><STRONG><a name="[10]"></a>TIM1_BRK_UP_TRG_COM_IRQHandler</STRONG> (Thumb, 0 bytes, Stack size 0 bytes, startup_py32c616xx.o(.text))
<BR>[Address Reference Count : 1]<UL><LI> startup_py32c616xx.o(RESET)
</UL>
<P><STRONG><a name="[11]"></a>TIM1_CC_IRQHandler</STRONG> (Thumb, 0 bytes, Stack size 0 bytes, startup_py32c616xx.o(.text))
<BR>[Address Reference Count : 1]<UL><LI> startup_py32c616xx.o(RESET)
</UL>
<P><STRONG><a name="[12]"></a>TIM3_IRQHandler</STRONG> (Thumb, 0 bytes, Stack size 0 bytes, startup_py32c616xx.o(.text))
<BR>[Address Reference Count : 1]<UL><LI> startup_py32c616xx.o(RESET)
</UL>
<P><STRONG><a name="[6]"></a>WWDG_IRQHandler</STRONG> (Thumb, 0 bytes, Stack size 0 bytes, startup_py32c616xx.o(.text))
<BR>[Address Reference Count : 1]<UL><LI> startup_py32c616xx.o(RESET)
</UL>
<P><STRONG><a name="[7b]"></a>__aeabi_uidiv</STRONG> (Thumb, 0 bytes, Stack size 12 bytes, uidiv.o(.text), UNUSED)

<P><STRONG><a name="[1e]"></a>__aeabi_uidivmod</STRONG> (Thumb, 44 bytes, Stack size 12 bytes, uidiv.o(.text))
<BR><BR>[Stack]<UL><LI>Max Depth = 12<LI>Call Chain = __aeabi_uidivmod
</UL>
<BR>[Called By]<UL><LI><a href="#[24]">&gt;&gt;</a>&nbsp;&nbsp;&nbsp;ADC_GetData
<LI><a href="#[41]">&gt;&gt;</a>&nbsp;&nbsp;&nbsp;read_Batvol0
<LI><a href="#[43]">&gt;&gt;</a>&nbsp;&nbsp;&nbsp;read_Batvol
<LI><a href="#[6e]">&gt;&gt;</a>&nbsp;&nbsp;&nbsp;Mic2Dete
<LI><a href="#[62]">&gt;&gt;</a>&nbsp;&nbsp;&nbsp;LL_Init100usTick
<LI><a href="#[60]">&gt;&gt;</a>&nbsp;&nbsp;&nbsp;Key4Dete
<LI><a href="#[5f]">&gt;&gt;</a>&nbsp;&nbsp;&nbsp;Key3Dete
<LI><a href="#[5c]">&gt;&gt;</a>&nbsp;&nbsp;&nbsp;Hearting_Working
<LI><a href="#[5a]">&gt;&gt;</a>&nbsp;&nbsp;&nbsp;Hearting_Ctrl
<LI><a href="#[42]">&gt;&gt;</a>&nbsp;&nbsp;&nbsp;BatVol_SOC_Proce1
<LI><a href="#[1d]">&gt;&gt;</a>&nbsp;&nbsp;&nbsp;__aeabi_idivmod
</UL>

<P><STRONG><a name="[7c]"></a>__aeabi_idiv</STRONG> (Thumb, 0 bytes, Stack size 16 bytes, idiv.o(.text), UNUSED)

<P><STRONG><a name="[1d]"></a>__aeabi_idivmod</STRONG> (Thumb, 40 bytes, Stack size 16 bytes, idiv.o(.text))
<BR><BR>[Stack]<UL><LI>Max Depth = 28<LI>Call Chain = __aeabi_idivmod &rArr; __aeabi_uidivmod
</UL>
<BR>[Calls]<UL><LI><a href="#[1e]">&gt;&gt;</a>&nbsp;&nbsp;&nbsp;__aeabi_uidivmod
</UL>
<BR>[Called By]<UL><LI><a href="#[63]">&gt;&gt;</a>&nbsp;&nbsp;&nbsp;Led_Ctrl
</UL>

<P><STRONG><a name="[6b]"></a>rand</STRONG> (Thumb, 18 bytes, Stack size 0 bytes, rand.o(.text))
<BR><BR>[Called By]<UL><LI><a href="#[63]">&gt;&gt;</a>&nbsp;&nbsp;&nbsp;Led_Ctrl
</UL>

<P><STRONG><a name="[7d]"></a>srand</STRONG> (Thumb, 6 bytes, Stack size 0 bytes, rand.o(.text), UNUSED)

<P><STRONG><a name="[20]"></a>__aeabi_memset</STRONG> (Thumb, 14 bytes, Stack size 0 bytes, memseta.o(.text), UNUSED)
<BR><BR>[Called By]<UL><LI><a href="#[21]">&gt;&gt;</a>&nbsp;&nbsp;&nbsp;_memset$wrapper
<LI><a href="#[1f]">&gt;&gt;</a>&nbsp;&nbsp;&nbsp;__aeabi_memclr
</UL>

<P><STRONG><a name="[7e]"></a>__aeabi_memset4</STRONG> (Thumb, 0 bytes, Stack size 0 bytes, memseta.o(.text), UNUSED)

<P><STRONG><a name="[7f]"></a>__aeabi_memset8</STRONG> (Thumb, 0 bytes, Stack size 0 bytes, memseta.o(.text), UNUSED)

<P><STRONG><a name="[1f]"></a>__aeabi_memclr</STRONG> (Thumb, 4 bytes, Stack size 0 bytes, memseta.o(.text), UNUSED)
<BR><BR>[Calls]<UL><LI><a href="#[20]">&gt;&gt;</a>&nbsp;&nbsp;&nbsp;__aeabi_memset
</UL>

<P><STRONG><a name="[53]"></a>__aeabi_memclr4</STRONG> (Thumb, 0 bytes, Stack size 0 bytes, memseta.o(.text))
<BR><BR>[Called By]<UL><LI><a href="#[49]">&gt;&gt;</a>&nbsp;&nbsp;&nbsp;GPIOInit
</UL>

<P><STRONG><a name="[80]"></a>__aeabi_memclr8</STRONG> (Thumb, 0 bytes, Stack size 0 bytes, memseta.o(.text), UNUSED)

<P><STRONG><a name="[21]"></a>_memset$wrapper</STRONG> (Thumb, 18 bytes, Stack size 8 bytes, memseta.o(.text), UNUSED)
<BR><BR>[Calls]<UL><LI><a href="#[20]">&gt;&gt;</a>&nbsp;&nbsp;&nbsp;__aeabi_memset
</UL>

<P><STRONG><a name="[1a]"></a>__scatterload</STRONG> (Thumb, 28 bytes, Stack size 0 bytes, init.o(.text))
<BR><BR>[Calls]<UL><LI><a href="#[22]">&gt;&gt;</a>&nbsp;&nbsp;&nbsp;__main_after_scatterload
</UL>
<BR>[Called By]<UL><LI><a href="#[19]">&gt;&gt;</a>&nbsp;&nbsp;&nbsp;_main_scatterload
</UL>

<P><STRONG><a name="[81]"></a>__scatterload_rt2</STRONG> (Thumb, 0 bytes, Stack size 0 bytes, init.o(.text), UNUSED)

<P><STRONG><a name="[82]"></a>__decompress</STRONG> (Thumb, 0 bytes, Stack size unknown bytes, __dczerorl.o(.text), UNUSED)

<P><STRONG><a name="[83]"></a>__decompress0</STRONG> (Thumb, 58 bytes, Stack size unknown bytes, __dczerorl.o(.text), UNUSED)

<P><STRONG><a name="[16]"></a>main</STRONG> (Thumb, 40 bytes, Stack size 8 bytes, system_py32c6xx.o(i.$Sub$$main))
<BR><BR>[Stack]<UL><LI>Max Depth = 124<LI>Call Chain = main &rArr; $Super$$main &rArr; Hearting_Ctrl &rArr; read_Batvol0 &rArr; ADC_GetData &rArr; GET_ADCValue &rArr; APP_AdcEnable
</UL>
<BR>[Calls]<UL><LI><a href="#[23]">&gt;&gt;</a>&nbsp;&nbsp;&nbsp;$Super$$main
</UL>
<BR>[Address Reference Count : 1]<UL><LI> entry9a.o(.ARM.Collect$$$$0000000B)
</UL>
<P><STRONG><a name="[24]"></a>ADC_GetData</STRONG> (Thumb, 104 bytes, Stack size 32 bytes, bsp.o(i.ADC_GetData))
<BR><BR>[Stack]<UL><LI>Max Depth = 44<LI>Call Chain = ADC_GetData &rArr; GET_ADCValue &rArr; APP_AdcEnable
</UL>
<BR>[Calls]<UL><LI><a href="#[25]">&gt;&gt;</a>&nbsp;&nbsp;&nbsp;GET_ADCValue
<LI><a href="#[1e]">&gt;&gt;</a>&nbsp;&nbsp;&nbsp;__aeabi_uidivmod
</UL>
<BR>[Called By]<UL><LI><a href="#[41]">&gt;&gt;</a>&nbsp;&nbsp;&nbsp;read_Batvol0
<LI><a href="#[43]">&gt;&gt;</a>&nbsp;&nbsp;&nbsp;read_Batvol
<LI><a href="#[6e]">&gt;&gt;</a>&nbsp;&nbsp;&nbsp;Mic2Dete
<LI><a href="#[5c]">&gt;&gt;</a>&nbsp;&nbsp;&nbsp;Hearting_Working
</UL>

<P><STRONG><a name="[26]"></a>APP_AdcCalibrate</STRONG> (Thumb, 76 bytes, Stack size 12 bytes, bsp.o(i.APP_AdcCalibrate))
<BR><BR>[Stack]<UL><LI>Max Depth = 12<LI>Call Chain = APP_AdcCalibrate
</UL>
<BR>[Calls]<UL><LI><a href="#[27]">&gt;&gt;</a>&nbsp;&nbsp;&nbsp;Delay
</UL>
<BR>[Called By]<UL><LI><a href="#[2b]">&gt;&gt;</a>&nbsp;&nbsp;&nbsp;APP_ConfigADC
</UL>

<P><STRONG><a name="[28]"></a>APP_AdcConfig</STRONG> (Thumb, 124 bytes, Stack size 8 bytes, bsp.o(i.APP_AdcConfig))
<BR><BR>[Stack]<UL><LI>Max Depth = 16<LI>Call Chain = APP_AdcConfig &rArr; LL_IOP_GRP1_EnableClock
</UL>
<BR>[Calls]<UL><LI><a href="#[29]">&gt;&gt;</a>&nbsp;&nbsp;&nbsp;LL_IOP_GRP1_EnableClock
</UL>
<BR>[Called By]<UL><LI><a href="#[2b]">&gt;&gt;</a>&nbsp;&nbsp;&nbsp;APP_ConfigADC
</UL>

<P><STRONG><a name="[2a]"></a>APP_AdcEnable</STRONG> (Thumb, 22 bytes, Stack size 4 bytes, bsp.o(i.APP_AdcEnable))
<BR><BR>[Stack]<UL><LI>Max Depth = 4<LI>Call Chain = APP_AdcEnable
</UL>
<BR>[Calls]<UL><LI><a href="#[27]">&gt;&gt;</a>&nbsp;&nbsp;&nbsp;Delay
</UL>
<BR>[Called By]<UL><LI><a href="#[25]">&gt;&gt;</a>&nbsp;&nbsp;&nbsp;GET_ADCValue
</UL>

<P><STRONG><a name="[2b]"></a>APP_ConfigADC</STRONG> (Thumb, 26 bytes, Stack size 8 bytes, bsp.o(i.APP_ConfigADC))
<BR><BR>[Stack]<UL><LI>Max Depth = 24<LI>Call Chain = APP_ConfigADC &rArr; APP_AdcConfig &rArr; LL_IOP_GRP1_EnableClock
</UL>
<BR>[Calls]<UL><LI><a href="#[28]">&gt;&gt;</a>&nbsp;&nbsp;&nbsp;APP_AdcConfig
<LI><a href="#[26]">&gt;&gt;</a>&nbsp;&nbsp;&nbsp;APP_AdcCalibrate
<LI><a href="#[2d]">&gt;&gt;</a>&nbsp;&nbsp;&nbsp;LL_APB1_GRP2_EnableClock
<LI><a href="#[2c]">&gt;&gt;</a>&nbsp;&nbsp;&nbsp;LL_ADC_Reset
</UL>
<BR>[Called By]<UL><LI><a href="#[4d]">&gt;&gt;</a>&nbsp;&nbsp;&nbsp;init_devices
</UL>

<P><STRONG><a name="[2e]"></a>APP_ConfigLPTIM_OneShot</STRONG> (Thumb, 112 bytes, Stack size 8 bytes, bsp.o(i.APP_ConfigLPTIM_OneShot))
<BR><BR>[Stack]<UL><LI>Max Depth = 16<LI>Call Chain = APP_ConfigLPTIM_OneShot &rArr; LL_APB1_GRP1_EnableClock
</UL>
<BR>[Calls]<UL><LI><a href="#[32]">&gt;&gt;</a>&nbsp;&nbsp;&nbsp;NVIC_SetPriority
<LI><a href="#[31]">&gt;&gt;</a>&nbsp;&nbsp;&nbsp;NVIC_EnableIRQ
<LI><a href="#[30]">&gt;&gt;</a>&nbsp;&nbsp;&nbsp;LL_RCC_LSI_Enable
<LI><a href="#[2f]">&gt;&gt;</a>&nbsp;&nbsp;&nbsp;LL_APB1_GRP1_EnableClock
</UL>
<BR>[Called By]<UL><LI><a href="#[4d]">&gt;&gt;</a>&nbsp;&nbsp;&nbsp;init_devices
</UL>

<P><STRONG><a name="[33]"></a>APP_ConfigureEXTI</STRONG> (Thumb, 232 bytes, Stack size 24 bytes, bsp.o(i.APP_ConfigureEXTI))
<BR><BR>[Stack]<UL><LI>Max Depth = 32<LI>Call Chain = APP_ConfigureEXTI &rArr; LL_EXTI_Init
</UL>
<BR>[Calls]<UL><LI><a href="#[35]">&gt;&gt;</a>&nbsp;&nbsp;&nbsp;LL_EXTI_Init
<LI><a href="#[32]">&gt;&gt;</a>&nbsp;&nbsp;&nbsp;NVIC_SetPriority
<LI><a href="#[31]">&gt;&gt;</a>&nbsp;&nbsp;&nbsp;NVIC_EnableIRQ
<LI><a href="#[34]">&gt;&gt;</a>&nbsp;&nbsp;&nbsp;LL_EXTI_SetEXTISource
</UL>
<BR>[Called By]<UL><LI><a href="#[48]">&gt;&gt;</a>&nbsp;&nbsp;&nbsp;CheckSleep
</UL>

<P><STRONG><a name="[36]"></a>APP_EnterStop</STRONG> (Thumb, 48 bytes, Stack size 8 bytes, bsp.o(i.APP_EnterStop))
<BR><BR>[Stack]<UL><LI>Max Depth = 16<LI>Call Chain = APP_EnterStop &rArr; LL_APB1_GRP1_EnableClock
</UL>
<BR>[Calls]<UL><LI><a href="#[2f]">&gt;&gt;</a>&nbsp;&nbsp;&nbsp;LL_APB1_GRP1_EnableClock
</UL>
<BR>[Called By]<UL><LI><a href="#[48]">&gt;&gt;</a>&nbsp;&nbsp;&nbsp;CheckSleep
</UL>

<P><STRONG><a name="[37]"></a>APP_FlashOBProgram</STRONG> (Thumb, 58 bytes, Stack size 32 bytes, bsp.o(i.APP_FlashOBProgram))
<BR><BR>[Stack]<UL><LI>Max Depth = 72<LI>Call Chain = APP_FlashOBProgram &rArr; HAL_FLASH_OBProgram &rArr; FLASH_WaitForLastOperation
</UL>
<BR>[Calls]<UL><LI><a href="#[38]">&gt;&gt;</a>&nbsp;&nbsp;&nbsp;HAL_FLASH_Unlock
<LI><a href="#[39]">&gt;&gt;</a>&nbsp;&nbsp;&nbsp;HAL_FLASH_OB_Unlock
<LI><a href="#[3c]">&gt;&gt;</a>&nbsp;&nbsp;&nbsp;HAL_FLASH_OB_Lock
<LI><a href="#[3d]">&gt;&gt;</a>&nbsp;&nbsp;&nbsp;HAL_FLASH_OB_Launch
<LI><a href="#[3a]">&gt;&gt;</a>&nbsp;&nbsp;&nbsp;HAL_FLASH_OBProgram
<LI><a href="#[3b]">&gt;&gt;</a>&nbsp;&nbsp;&nbsp;HAL_FLASH_Lock
</UL>
<BR>[Called By]<UL><LI><a href="#[23]">&gt;&gt;</a>&nbsp;&nbsp;&nbsp;$Super$$main
</UL>

<P><STRONG><a name="[3e]"></a>APP_LPTIM_OneShot</STRONG> (Thumb, 40 bytes, Stack size 4 bytes, bsp.o(i.APP_LPTIM_OneShot))
<BR><BR>[Stack]<UL><LI>Max Depth = 4<LI>Call Chain = APP_LPTIM_OneShot
</UL>
<BR>[Calls]<UL><LI><a href="#[27]">&gt;&gt;</a>&nbsp;&nbsp;&nbsp;Delay
</UL>
<BR>[Called By]<UL><LI><a href="#[48]">&gt;&gt;</a>&nbsp;&nbsp;&nbsp;CheckSleep
<LI><a href="#[13]">&gt;&gt;</a>&nbsp;&nbsp;&nbsp;LPTIM1_IRQHandler
</UL>

<P><STRONG><a name="[3f]"></a>BatVol_SOC_Proce</STRONG> (Thumb, 570 bytes, Stack size 24 bytes, main.o(i.BatVol_SOC_Proce))
<BR><BR>[Stack]<UL><LI>Max Depth = 84<LI>Call Chain = BatVol_SOC_Proce &rArr; read_Batvol0 &rArr; ADC_GetData &rArr; GET_ADCValue &rArr; APP_AdcEnable
</UL>
<BR>[Calls]<UL><LI><a href="#[40]">&gt;&gt;</a>&nbsp;&nbsp;&nbsp;DelayTime_ms
<LI><a href="#[41]">&gt;&gt;</a>&nbsp;&nbsp;&nbsp;read_Batvol0
</UL>
<BR>[Called By]<UL><LI><a href="#[23]">&gt;&gt;</a>&nbsp;&nbsp;&nbsp;$Super$$main
</UL>

<P><STRONG><a name="[42]"></a>BatVol_SOC_Proce1</STRONG> (Thumb, 74 bytes, Stack size 16 bytes, main.o(i.BatVol_SOC_Proce1))
<BR><BR>[Stack]<UL><LI>Max Depth = 76<LI>Call Chain = BatVol_SOC_Proce1 &rArr; read_Batvol &rArr; ADC_GetData &rArr; GET_ADCValue &rArr; APP_AdcEnable
</UL>
<BR>[Calls]<UL><LI><a href="#[43]">&gt;&gt;</a>&nbsp;&nbsp;&nbsp;read_Batvol
<LI><a href="#[1e]">&gt;&gt;</a>&nbsp;&nbsp;&nbsp;__aeabi_uidivmod
</UL>
<BR>[Called By]<UL><LI><a href="#[23]">&gt;&gt;</a>&nbsp;&nbsp;&nbsp;$Super$$main
</UL>

<P><STRONG><a name="[44]"></a>ChargeDete</STRONG> (Thumb, 354 bytes, Stack size 24 bytes, main.o(i.ChargeDete))
<BR><BR>[Stack]<UL><LI>Max Depth = 24<LI>Call Chain = ChargeDete
</UL>
<BR>[Calls]<UL><LI><a href="#[47]">&gt;&gt;</a>&nbsp;&nbsp;&nbsp;LED_parameter_Reset
<LI><a href="#[46]">&gt;&gt;</a>&nbsp;&nbsp;&nbsp;Clear_LED_Old_Happen_WithOut_Charge_LED_Hap
<LI><a href="#[45]">&gt;&gt;</a>&nbsp;&nbsp;&nbsp;LL_GPIO_IsInputPinSet
</UL>
<BR>[Called By]<UL><LI><a href="#[23]">&gt;&gt;</a>&nbsp;&nbsp;&nbsp;$Super$$main
</UL>

<P><STRONG><a name="[48]"></a>CheckSleep</STRONG> (Thumb, 340 bytes, Stack size 24 bytes, main.o(i.CheckSleep))
<BR><BR>[Stack]<UL><LI>Max Depth = 100<LI>Call Chain = CheckSleep &rArr; init_devices &rArr; GPIOInit &rArr; LL_GPIO_Init
</UL>
<BR>[Calls]<UL><LI><a href="#[4b]">&gt;&gt;</a>&nbsp;&nbsp;&nbsp;HAL_SuspendTick
<LI><a href="#[49]">&gt;&gt;</a>&nbsp;&nbsp;&nbsp;GPIOInit
<LI><a href="#[3e]">&gt;&gt;</a>&nbsp;&nbsp;&nbsp;APP_LPTIM_OneShot
<LI><a href="#[36]">&gt;&gt;</a>&nbsp;&nbsp;&nbsp;APP_EnterStop
<LI><a href="#[33]">&gt;&gt;</a>&nbsp;&nbsp;&nbsp;APP_ConfigureEXTI
<LI><a href="#[4d]">&gt;&gt;</a>&nbsp;&nbsp;&nbsp;init_devices
<LI><a href="#[4c]">&gt;&gt;</a>&nbsp;&nbsp;&nbsp;LL_GPIO_SetPinPull
<LI><a href="#[4a]">&gt;&gt;</a>&nbsp;&nbsp;&nbsp;LL_ADC_Disable
</UL>
<BR>[Called By]<UL><LI><a href="#[23]">&gt;&gt;</a>&nbsp;&nbsp;&nbsp;$Super$$main
</UL>

<P><STRONG><a name="[46]"></a>Clear_LED_Old_Happen_WithOut_Charge_LED_Hap</STRONG> (Thumb, 32 bytes, Stack size 0 bytes, main.o(i.Clear_LED_Old_Happen_WithOut_Charge_LED_Hap))
<BR><BR>[Called By]<UL><LI><a href="#[6f]">&gt;&gt;</a>&nbsp;&nbsp;&nbsp;MicDete
<LI><a href="#[63]">&gt;&gt;</a>&nbsp;&nbsp;&nbsp;Led_Ctrl
<LI><a href="#[61]">&gt;&gt;</a>&nbsp;&nbsp;&nbsp;KeyDete
<LI><a href="#[60]">&gt;&gt;</a>&nbsp;&nbsp;&nbsp;Key4Dete
<LI><a href="#[5f]">&gt;&gt;</a>&nbsp;&nbsp;&nbsp;Key3Dete
<LI><a href="#[5e]">&gt;&gt;</a>&nbsp;&nbsp;&nbsp;Key2Dete
<LI><a href="#[5c]">&gt;&gt;</a>&nbsp;&nbsp;&nbsp;Hearting_Working
<LI><a href="#[5a]">&gt;&gt;</a>&nbsp;&nbsp;&nbsp;Hearting_Ctrl
<LI><a href="#[44]">&gt;&gt;</a>&nbsp;&nbsp;&nbsp;ChargeDete
</UL>

<P><STRONG><a name="[27]"></a>Delay</STRONG> (Thumb, 10 bytes, Stack size 0 bytes, bsp.o(i.Delay))
<BR><BR>[Called By]<UL><LI><a href="#[3e]">&gt;&gt;</a>&nbsp;&nbsp;&nbsp;APP_LPTIM_OneShot
<LI><a href="#[23]">&gt;&gt;</a>&nbsp;&nbsp;&nbsp;$Super$$main
<LI><a href="#[2a]">&gt;&gt;</a>&nbsp;&nbsp;&nbsp;APP_AdcEnable
<LI><a href="#[26]">&gt;&gt;</a>&nbsp;&nbsp;&nbsp;APP_AdcCalibrate
</UL>

<P><STRONG><a name="[40]"></a>DelayTime_ms</STRONG> (Thumb, 24 bytes, Stack size 0 bytes, bsp.o(i.DelayTime_ms))
<BR><BR>[Called By]<UL><LI><a href="#[49]">&gt;&gt;</a>&nbsp;&nbsp;&nbsp;GPIOInit
<LI><a href="#[5a]">&gt;&gt;</a>&nbsp;&nbsp;&nbsp;Hearting_Ctrl
<LI><a href="#[3f]">&gt;&gt;</a>&nbsp;&nbsp;&nbsp;BatVol_SOC_Proce
</UL>

<P><STRONG><a name="[4e]"></a>DigiTubeCtr_Level_State_All_Off</STRONG> (Thumb, 32 bytes, Stack size 4 bytes, digitube.o(i.DigiTubeCtr_Level_State_All_Off))
<BR><BR>[Stack]<UL><LI>Max Depth = 24<LI>Call Chain = DigiTubeCtr_Level_State_All_Off &rArr; DigiTubeCtr_Level_State_Ctrl
</UL>
<BR>[Calls]<UL><LI><a href="#[4f]">&gt;&gt;</a>&nbsp;&nbsp;&nbsp;DigiTubeCtr_Level_State_Ctrl
</UL>
<BR>[Called By]<UL><LI><a href="#[61]">&gt;&gt;</a>&nbsp;&nbsp;&nbsp;KeyDete
</UL>

<P><STRONG><a name="[50]"></a>DigiTubeCtr_Level_State_All_On</STRONG> (Thumb, 32 bytes, Stack size 4 bytes, digitube.o(i.DigiTubeCtr_Level_State_All_On))
<BR><BR>[Stack]<UL><LI>Max Depth = 24<LI>Call Chain = DigiTubeCtr_Level_State_All_On &rArr; DigiTubeCtr_Level_State_Ctrl
</UL>
<BR>[Calls]<UL><LI><a href="#[4f]">&gt;&gt;</a>&nbsp;&nbsp;&nbsp;DigiTubeCtr_Level_State_Ctrl
</UL>
<BR>[Called By]<UL><LI><a href="#[63]">&gt;&gt;</a>&nbsp;&nbsp;&nbsp;Led_Ctrl
<LI><a href="#[23]">&gt;&gt;</a>&nbsp;&nbsp;&nbsp;$Super$$main
</UL>

<P><STRONG><a name="[4f]"></a>DigiTubeCtr_Level_State_Ctrl</STRONG> (Thumb, 546 bytes, Stack size 20 bytes, digitube.o(i.DigiTubeCtr_Level_State_Ctrl))
<BR><BR>[Stack]<UL><LI>Max Depth = 20<LI>Call Chain = DigiTubeCtr_Level_State_Ctrl
</UL>
<BR>[Called By]<UL><LI><a href="#[50]">&gt;&gt;</a>&nbsp;&nbsp;&nbsp;DigiTubeCtr_Level_State_All_On
<LI><a href="#[4e]">&gt;&gt;</a>&nbsp;&nbsp;&nbsp;DigiTubeCtr_Level_State_All_Off
<LI><a href="#[63]">&gt;&gt;</a>&nbsp;&nbsp;&nbsp;Led_Ctrl
</UL>

<P><STRONG><a name="[74]"></a>DigiTubeCtr_Play</STRONG> (Thumb, 1252 bytes, Stack size 20 bytes, digitube.o(i.DigiTubeCtr_Play))
<BR><BR>[Stack]<UL><LI>Max Depth = 20<LI>Call Chain = DigiTubeCtr_Play
</UL>
<BR>[Called By]<UL><LI><a href="#[70]">&gt;&gt;</a>&nbsp;&nbsp;&nbsp;sys_time_isr_process
</UL>

<P><STRONG><a name="[73]"></a>DigiTubeCtr_Seq</STRONG> (Thumb, 20 bytes, Stack size 0 bytes, digitube.o(i.DigiTubeCtr_Seq))
<BR><BR>[Called By]<UL><LI><a href="#[70]">&gt;&gt;</a>&nbsp;&nbsp;&nbsp;sys_time_isr_process
</UL>

<P><STRONG><a name="[64]"></a>DigiTube_DianLiang_Ctr</STRONG> (Thumb, 260 bytes, Stack size 12 bytes, digitube.o(i.DigiTube_DianLiang_Ctr))
<BR><BR>[Stack]<UL><LI>Max Depth = 12<LI>Call Chain = DigiTube_DianLiang_Ctr
</UL>
<BR>[Called By]<UL><LI><a href="#[63]">&gt;&gt;</a>&nbsp;&nbsp;&nbsp;Led_Ctrl
</UL>

<P><STRONG><a name="[6d]"></a>DigiTube_DianLiang_Ctr1</STRONG> (Thumb, 266 bytes, Stack size 12 bytes, digitube.o(i.DigiTube_DianLiang_Ctr1))
<BR><BR>[Stack]<UL><LI>Max Depth = 12<LI>Call Chain = DigiTube_DianLiang_Ctr1
</UL>
<BR>[Called By]<UL><LI><a href="#[63]">&gt;&gt;</a>&nbsp;&nbsp;&nbsp;Led_Ctrl
</UL>

<P><STRONG><a name="[66]"></a>DigiTube_GongLv_Ctr</STRONG> (Thumb, 954 bytes, Stack size 20 bytes, digitube.o(i.DigiTube_GongLv_Ctr))
<BR><BR>[Stack]<UL><LI>Max Depth = 20<LI>Call Chain = DigiTube_GongLv_Ctr
</UL>
<BR>[Called By]<UL><LI><a href="#[63]">&gt;&gt;</a>&nbsp;&nbsp;&nbsp;Led_Ctrl
</UL>

<P><STRONG><a name="[67]"></a>DigiTube_HuoYan_Ctr</STRONG> (Thumb, 108 bytes, Stack size 8 bytes, digitube.o(i.DigiTube_HuoYan_Ctr))
<BR><BR>[Stack]<UL><LI>Max Depth = 8<LI>Call Chain = DigiTube_HuoYan_Ctr
</UL>
<BR>[Called By]<UL><LI><a href="#[63]">&gt;&gt;</a>&nbsp;&nbsp;&nbsp;Led_Ctrl
</UL>

<P><STRONG><a name="[6a]"></a>DigiTube_HuoYan_KaiGuan_Ctr</STRONG> (Thumb, 18 bytes, Stack size 0 bytes, digitube.o(i.DigiTube_HuoYan_KaiGuan_Ctr))
<BR><BR>[Called By]<UL><LI><a href="#[63]">&gt;&gt;</a>&nbsp;&nbsp;&nbsp;Led_Ctrl
</UL>

<P><STRONG><a name="[6c]"></a>DigiTube_HuoYan_Level_Ctr</STRONG> (Thumb, 490 bytes, Stack size 16 bytes, digitube.o(i.DigiTube_HuoYan_Level_Ctr))
<BR><BR>[Stack]<UL><LI>Max Depth = 16<LI>Call Chain = DigiTube_HuoYan_Level_Ctr
</UL>
<BR>[Called By]<UL><LI><a href="#[63]">&gt;&gt;</a>&nbsp;&nbsp;&nbsp;Led_Ctrl
</UL>

<P><STRONG><a name="[69]"></a>DigiTube_KaiGuanJi_Ctr</STRONG> (Thumb, 18 bytes, Stack size 0 bytes, digitube.o(i.DigiTube_KaiGuanJi_Ctr))
<BR><BR>[Called By]<UL><LI><a href="#[63]">&gt;&gt;</a>&nbsp;&nbsp;&nbsp;Led_Ctrl
</UL>

<P><STRONG><a name="[68]"></a>DigiTube_ShiJian_Ctr</STRONG> (Thumb, 456 bytes, Stack size 12 bytes, digitube.o(i.DigiTube_ShiJian_Ctr))
<BR><BR>[Stack]<UL><LI>Max Depth = 12<LI>Call Chain = DigiTube_ShiJian_Ctr
</UL>
<BR>[Called By]<UL><LI><a href="#[63]">&gt;&gt;</a>&nbsp;&nbsp;&nbsp;Led_Ctrl
</UL>

<P><STRONG><a name="[65]"></a>DigiTube_YouLiang_Ctr</STRONG> (Thumb, 268 bytes, Stack size 16 bytes, digitube.o(i.DigiTube_YouLiang_Ctr))
<BR><BR>[Stack]<UL><LI>Max Depth = 16<LI>Call Chain = DigiTube_YouLiang_Ctr
</UL>
<BR>[Called By]<UL><LI><a href="#[63]">&gt;&gt;</a>&nbsp;&nbsp;&nbsp;Led_Ctrl
</UL>

<P><STRONG><a name="[a]"></a>EXTI0_1_IRQHandler</STRONG> (Thumb, 18 bytes, Stack size 0 bytes, py32c6xx_it.o(i.EXTI0_1_IRQHandler))
<BR>[Address Reference Count : 1]<UL><LI> startup_py32c616xx.o(RESET)
</UL>
<P><STRONG><a name="[b]"></a>EXTI2_3_IRQHandler</STRONG> (Thumb, 18 bytes, Stack size 0 bytes, py32c6xx_it.o(i.EXTI2_3_IRQHandler))
<BR>[Address Reference Count : 1]<UL><LI> startup_py32c616xx.o(RESET)
</UL>
<P><STRONG><a name="[c]"></a>EXTI4_15_IRQHandler</STRONG> (Thumb, 58 bytes, Stack size 0 bytes, py32c6xx_it.o(i.EXTI4_15_IRQHandler))
<BR>[Address Reference Count : 1]<UL><LI> startup_py32c616xx.o(RESET)
</UL>
<P><STRONG><a name="[25]"></a>GET_ADCValue</STRONG> (Thumb, 52 bytes, Stack size 8 bytes, bsp.o(i.GET_ADCValue))
<BR><BR>[Stack]<UL><LI>Max Depth = 12<LI>Call Chain = GET_ADCValue &rArr; APP_AdcEnable
</UL>
<BR>[Calls]<UL><LI><a href="#[2a]">&gt;&gt;</a>&nbsp;&nbsp;&nbsp;APP_AdcEnable
</UL>
<BR>[Called By]<UL><LI><a href="#[24]">&gt;&gt;</a>&nbsp;&nbsp;&nbsp;ADC_GetData
</UL>

<P><STRONG><a name="[49]"></a>GPIOInit</STRONG> (Thumb, 394 bytes, Stack size 48 bytes, bsp.o(i.GPIOInit))
<BR><BR>[Stack]<UL><LI>Max Depth = 68<LI>Call Chain = GPIOInit &rArr; LL_GPIO_Init
</UL>
<BR>[Calls]<UL><LI><a href="#[40]">&gt;&gt;</a>&nbsp;&nbsp;&nbsp;DelayTime_ms
<LI><a href="#[54]">&gt;&gt;</a>&nbsp;&nbsp;&nbsp;LL_GPIO_Init
<LI><a href="#[29]">&gt;&gt;</a>&nbsp;&nbsp;&nbsp;LL_IOP_GRP1_EnableClock
<LI><a href="#[56]">&gt;&gt;</a>&nbsp;&nbsp;&nbsp;LL_GPIO_SetPinPull
<LI><a href="#[55]">&gt;&gt;</a>&nbsp;&nbsp;&nbsp;LL_GPIO_SetPinMode
<LI><a href="#[53]">&gt;&gt;</a>&nbsp;&nbsp;&nbsp;__aeabi_memclr4
</UL>
<BR>[Called By]<UL><LI><a href="#[4d]">&gt;&gt;</a>&nbsp;&nbsp;&nbsp;init_devices
<LI><a href="#[48]">&gt;&gt;</a>&nbsp;&nbsp;&nbsp;CheckSleep
</UL>

<P><STRONG><a name="[3b]"></a>HAL_FLASH_Lock</STRONG> (Thumb, 22 bytes, Stack size 0 bytes, py32c6xx_hal_flash.o(i.HAL_FLASH_Lock))
<BR><BR>[Called By]<UL><LI><a href="#[37]">&gt;&gt;</a>&nbsp;&nbsp;&nbsp;APP_FlashOBProgram
</UL>

<P><STRONG><a name="[3a]"></a>HAL_FLASH_OBProgram</STRONG> (Thumb, 322 bytes, Stack size 24 bytes, py32c6xx_hal_flash.o(i.HAL_FLASH_OBProgram))
<BR><BR>[Stack]<UL><LI>Max Depth = 40<LI>Call Chain = HAL_FLASH_OBProgram &rArr; FLASH_WaitForLastOperation
</UL>
<BR>[Calls]<UL><LI><a href="#[51]">&gt;&gt;</a>&nbsp;&nbsp;&nbsp;FLASH_WaitForLastOperation
<LI><a href="#[58]">&gt;&gt;</a>&nbsp;&nbsp;&nbsp;FLASH_OB_OptrConfig
<LI><a href="#[57]">&gt;&gt;</a>&nbsp;&nbsp;&nbsp;FLASH_OB_GetUser
<LI><a href="#[59]">&gt;&gt;</a>&nbsp;&nbsp;&nbsp;FLASH_OB_GetRDP
</UL>
<BR>[Called By]<UL><LI><a href="#[37]">&gt;&gt;</a>&nbsp;&nbsp;&nbsp;APP_FlashOBProgram
</UL>

<P><STRONG><a name="[3d]"></a>HAL_FLASH_OB_Launch</STRONG> (Thumb, 16 bytes, Stack size 0 bytes, py32c6xx_hal_flash.o(i.HAL_FLASH_OB_Launch))
<BR><BR>[Called By]<UL><LI><a href="#[37]">&gt;&gt;</a>&nbsp;&nbsp;&nbsp;APP_FlashOBProgram
</UL>

<P><STRONG><a name="[3c]"></a>HAL_FLASH_OB_Lock</STRONG> (Thumb, 22 bytes, Stack size 0 bytes, py32c6xx_hal_flash.o(i.HAL_FLASH_OB_Lock))
<BR><BR>[Called By]<UL><LI><a href="#[37]">&gt;&gt;</a>&nbsp;&nbsp;&nbsp;APP_FlashOBProgram
</UL>

<P><STRONG><a name="[39]"></a>HAL_FLASH_OB_Unlock</STRONG> (Thumb, 28 bytes, Stack size 0 bytes, py32c6xx_hal_flash.o(i.HAL_FLASH_OB_Unlock))
<BR><BR>[Called By]<UL><LI><a href="#[37]">&gt;&gt;</a>&nbsp;&nbsp;&nbsp;APP_FlashOBProgram
</UL>

<P><STRONG><a name="[38]"></a>HAL_FLASH_Unlock</STRONG> (Thumb, 28 bytes, Stack size 0 bytes, py32c6xx_hal_flash.o(i.HAL_FLASH_Unlock))
<BR><BR>[Called By]<UL><LI><a href="#[37]">&gt;&gt;</a>&nbsp;&nbsp;&nbsp;APP_FlashOBProgram
</UL>

<P><STRONG><a name="[52]"></a>HAL_GetTick</STRONG> (Thumb, 6 bytes, Stack size 0 bytes, py32c6xx_hal.o(i.HAL_GetTick))
<BR><BR>[Called By]<UL><LI><a href="#[51]">&gt;&gt;</a>&nbsp;&nbsp;&nbsp;FLASH_WaitForLastOperation
</UL>

<P><STRONG><a name="[4b]"></a>HAL_SuspendTick</STRONG> (Thumb, 12 bytes, Stack size 0 bytes, py32c6xx_hal.o(i.HAL_SuspendTick))
<BR><BR>[Called By]<UL><LI><a href="#[48]">&gt;&gt;</a>&nbsp;&nbsp;&nbsp;CheckSleep
</UL>

<P><STRONG><a name="[2]"></a>HardFault_Handler</STRONG> (Thumb, 2 bytes, Stack size 0 bytes, py32c6xx_it.o(i.HardFault_Handler))
<BR><BR>[Calls]<UL><LI><a href="#[2]">&gt;&gt;</a>&nbsp;&nbsp;&nbsp;HardFault_Handler
</UL>
<BR>[Called By]<UL><LI><a href="#[2]">&gt;&gt;</a>&nbsp;&nbsp;&nbsp;HardFault_Handler
</UL>
<BR>[Address Reference Count : 1]<UL><LI> startup_py32c616xx.o(RESET)
</UL>
<P><STRONG><a name="[5a]"></a>Hearting_Ctrl</STRONG> (Thumb, 1120 bytes, Stack size 56 bytes, main.o(i.Hearting_Ctrl))
<BR><BR>[Stack]<UL><LI>Max Depth = 116<LI>Call Chain = Hearting_Ctrl &rArr; read_Batvol0 &rArr; ADC_GetData &rArr; GET_ADCValue &rArr; APP_AdcEnable
</UL>
<BR>[Calls]<UL><LI><a href="#[40]">&gt;&gt;</a>&nbsp;&nbsp;&nbsp;DelayTime_ms
<LI><a href="#[41]">&gt;&gt;</a>&nbsp;&nbsp;&nbsp;read_Batvol0
<LI><a href="#[5b]">&gt;&gt;</a>&nbsp;&nbsp;&nbsp;Safe_Stop_Hearting
<LI><a href="#[47]">&gt;&gt;</a>&nbsp;&nbsp;&nbsp;LED_parameter_Reset
<LI><a href="#[46]">&gt;&gt;</a>&nbsp;&nbsp;&nbsp;Clear_LED_Old_Happen_WithOut_Charge_LED_Hap
<LI><a href="#[1e]">&gt;&gt;</a>&nbsp;&nbsp;&nbsp;__aeabi_uidivmod
</UL>
<BR>[Called By]<UL><LI><a href="#[23]">&gt;&gt;</a>&nbsp;&nbsp;&nbsp;$Super$$main
</UL>

<P><STRONG><a name="[5c]"></a>Hearting_Working</STRONG> (Thumb, 346 bytes, Stack size 24 bytes, main.o(i.Hearting_Working))
<BR><BR>[Stack]<UL><LI>Max Depth = 68<LI>Call Chain = Hearting_Working &rArr; ADC_GetData &rArr; GET_ADCValue &rArr; APP_AdcEnable
</UL>
<BR>[Calls]<UL><LI><a href="#[24]">&gt;&gt;</a>&nbsp;&nbsp;&nbsp;ADC_GetData
<LI><a href="#[5b]">&gt;&gt;</a>&nbsp;&nbsp;&nbsp;Safe_Stop_Hearting
<LI><a href="#[47]">&gt;&gt;</a>&nbsp;&nbsp;&nbsp;LED_parameter_Reset
<LI><a href="#[46]">&gt;&gt;</a>&nbsp;&nbsp;&nbsp;Clear_LED_Old_Happen_WithOut_Charge_LED_Hap
<LI><a href="#[1e]">&gt;&gt;</a>&nbsp;&nbsp;&nbsp;__aeabi_uidivmod
</UL>
<BR>[Called By]<UL><LI><a href="#[70]">&gt;&gt;</a>&nbsp;&nbsp;&nbsp;sys_time_isr_process
</UL>

<P><STRONG><a name="[5d]"></a>IWDG_Config</STRONG> (Thumb, 60 bytes, Stack size 8 bytes, bsp.o(i.IWDG_Config))
<BR><BR>[Stack]<UL><LI>Max Depth = 8<LI>Call Chain = IWDG_Config
</UL>
<BR>[Calls]<UL><LI><a href="#[30]">&gt;&gt;</a>&nbsp;&nbsp;&nbsp;LL_RCC_LSI_Enable
</UL>
<BR>[Called By]<UL><LI><a href="#[4d]">&gt;&gt;</a>&nbsp;&nbsp;&nbsp;init_devices
</UL>

<P><STRONG><a name="[5e]"></a>Key2Dete</STRONG> (Thumb, 126 bytes, Stack size 16 bytes, main.o(i.Key2Dete))
<BR><BR>[Stack]<UL><LI>Max Depth = 16<LI>Call Chain = Key2Dete
</UL>
<BR>[Calls]<UL><LI><a href="#[47]">&gt;&gt;</a>&nbsp;&nbsp;&nbsp;LED_parameter_Reset
<LI><a href="#[46]">&gt;&gt;</a>&nbsp;&nbsp;&nbsp;Clear_LED_Old_Happen_WithOut_Charge_LED_Hap
<LI><a href="#[45]">&gt;&gt;</a>&nbsp;&nbsp;&nbsp;LL_GPIO_IsInputPinSet
</UL>
<BR>[Called By]<UL><LI><a href="#[23]">&gt;&gt;</a>&nbsp;&nbsp;&nbsp;$Super$$main
</UL>

<P><STRONG><a name="[5f]"></a>Key3Dete</STRONG> (Thumb, 276 bytes, Stack size 24 bytes, main.o(i.Key3Dete))
<BR><BR>[Stack]<UL><LI>Max Depth = 36<LI>Call Chain = Key3Dete &rArr; __aeabi_uidivmod
</UL>
<BR>[Calls]<UL><LI><a href="#[47]">&gt;&gt;</a>&nbsp;&nbsp;&nbsp;LED_parameter_Reset
<LI><a href="#[46]">&gt;&gt;</a>&nbsp;&nbsp;&nbsp;Clear_LED_Old_Happen_WithOut_Charge_LED_Hap
<LI><a href="#[45]">&gt;&gt;</a>&nbsp;&nbsp;&nbsp;LL_GPIO_IsInputPinSet
<LI><a href="#[1e]">&gt;&gt;</a>&nbsp;&nbsp;&nbsp;__aeabi_uidivmod
</UL>
<BR>[Called By]<UL><LI><a href="#[23]">&gt;&gt;</a>&nbsp;&nbsp;&nbsp;$Super$$main
</UL>

<P><STRONG><a name="[60]"></a>Key4Dete</STRONG> (Thumb, 276 bytes, Stack size 24 bytes, main.o(i.Key4Dete))
<BR><BR>[Stack]<UL><LI>Max Depth = 36<LI>Call Chain = Key4Dete &rArr; __aeabi_uidivmod
</UL>
<BR>[Calls]<UL><LI><a href="#[47]">&gt;&gt;</a>&nbsp;&nbsp;&nbsp;LED_parameter_Reset
<LI><a href="#[46]">&gt;&gt;</a>&nbsp;&nbsp;&nbsp;Clear_LED_Old_Happen_WithOut_Charge_LED_Hap
<LI><a href="#[45]">&gt;&gt;</a>&nbsp;&nbsp;&nbsp;LL_GPIO_IsInputPinSet
<LI><a href="#[1e]">&gt;&gt;</a>&nbsp;&nbsp;&nbsp;__aeabi_uidivmod
</UL>
<BR>[Called By]<UL><LI><a href="#[23]">&gt;&gt;</a>&nbsp;&nbsp;&nbsp;$Super$$main
</UL>

<P><STRONG><a name="[61]"></a>KeyDete</STRONG> (Thumb, 338 bytes, Stack size 24 bytes, main.o(i.KeyDete))
<BR><BR>[Stack]<UL><LI>Max Depth = 48<LI>Call Chain = KeyDete &rArr; DigiTubeCtr_Level_State_All_Off &rArr; DigiTubeCtr_Level_State_Ctrl
</UL>
<BR>[Calls]<UL><LI><a href="#[4e]">&gt;&gt;</a>&nbsp;&nbsp;&nbsp;DigiTubeCtr_Level_State_All_Off
<LI><a href="#[5b]">&gt;&gt;</a>&nbsp;&nbsp;&nbsp;Safe_Stop_Hearting
<LI><a href="#[47]">&gt;&gt;</a>&nbsp;&nbsp;&nbsp;LED_parameter_Reset
<LI><a href="#[46]">&gt;&gt;</a>&nbsp;&nbsp;&nbsp;Clear_LED_Old_Happen_WithOut_Charge_LED_Hap
<LI><a href="#[45]">&gt;&gt;</a>&nbsp;&nbsp;&nbsp;LL_GPIO_IsInputPinSet
</UL>
<BR>[Called By]<UL><LI><a href="#[23]">&gt;&gt;</a>&nbsp;&nbsp;&nbsp;$Super$$main
</UL>

<P><STRONG><a name="[47]"></a>LED_parameter_Reset</STRONG> (Thumb, 10 bytes, Stack size 0 bytes, main.o(i.LED_parameter_Reset))
<BR><BR>[Called By]<UL><LI><a href="#[6f]">&gt;&gt;</a>&nbsp;&nbsp;&nbsp;MicDete
<LI><a href="#[63]">&gt;&gt;</a>&nbsp;&nbsp;&nbsp;Led_Ctrl
<LI><a href="#[61]">&gt;&gt;</a>&nbsp;&nbsp;&nbsp;KeyDete
<LI><a href="#[60]">&gt;&gt;</a>&nbsp;&nbsp;&nbsp;Key4Dete
<LI><a href="#[5f]">&gt;&gt;</a>&nbsp;&nbsp;&nbsp;Key3Dete
<LI><a href="#[5e]">&gt;&gt;</a>&nbsp;&nbsp;&nbsp;Key2Dete
<LI><a href="#[5c]">&gt;&gt;</a>&nbsp;&nbsp;&nbsp;Hearting_Working
<LI><a href="#[5a]">&gt;&gt;</a>&nbsp;&nbsp;&nbsp;Hearting_Ctrl
<LI><a href="#[44]">&gt;&gt;</a>&nbsp;&nbsp;&nbsp;ChargeDete
</UL>

<P><STRONG><a name="[35]"></a>LL_EXTI_Init</STRONG> (Thumb, 182 bytes, Stack size 8 bytes, py32c6xx_ll_exti.o(i.LL_EXTI_Init))
<BR><BR>[Stack]<UL><LI>Max Depth = 8<LI>Call Chain = LL_EXTI_Init
</UL>
<BR>[Called By]<UL><LI><a href="#[33]">&gt;&gt;</a>&nbsp;&nbsp;&nbsp;APP_ConfigureEXTI
</UL>

<P><STRONG><a name="[54]"></a>LL_GPIO_Init</STRONG> (Thumb, 168 bytes, Stack size 20 bytes, py32c6xx_ll_gpio.o(i.LL_GPIO_Init))
<BR><BR>[Stack]<UL><LI>Max Depth = 20<LI>Call Chain = LL_GPIO_Init
</UL>
<BR>[Called By]<UL><LI><a href="#[49]">&gt;&gt;</a>&nbsp;&nbsp;&nbsp;GPIOInit
</UL>

<P><STRONG><a name="[62]"></a>LL_Init100usTick</STRONG> (Thumb, 38 bytes, Stack size 8 bytes, main.o(i.LL_Init100usTick))
<BR><BR>[Stack]<UL><LI>Max Depth = 20<LI>Call Chain = LL_Init100usTick &rArr; __aeabi_uidivmod
</UL>
<BR>[Calls]<UL><LI><a href="#[1e]">&gt;&gt;</a>&nbsp;&nbsp;&nbsp;__aeabi_uidivmod
</UL>
<BR>[Called By]<UL><LI><a href="#[71]">&gt;&gt;</a>&nbsp;&nbsp;&nbsp;SystemClock_Config
</UL>

<P><STRONG><a name="[72]"></a>LL_SetSystemCoreClock</STRONG> (Thumb, 6 bytes, Stack size 0 bytes, py32c6xx_ll_utils.o(i.LL_SetSystemCoreClock))
<BR><BR>[Called By]<UL><LI><a href="#[71]">&gt;&gt;</a>&nbsp;&nbsp;&nbsp;SystemClock_Config
</UL>

<P><STRONG><a name="[13]"></a>LPTIM1_IRQHandler</STRONG> (Thumb, 40 bytes, Stack size 8 bytes, py32c6xx_it.o(i.LPTIM1_IRQHandler))
<BR><BR>[Stack]<UL><LI>Max Depth = 12<LI>Call Chain = LPTIM1_IRQHandler &rArr; APP_LPTIM_OneShot
</UL>
<BR>[Calls]<UL><LI><a href="#[3e]">&gt;&gt;</a>&nbsp;&nbsp;&nbsp;APP_LPTIM_OneShot
</UL>
<BR>[Address Reference Count : 1]<UL><LI> startup_py32c616xx.o(RESET)
</UL>
<P><STRONG><a name="[63]"></a>Led_Ctrl</STRONG> (Thumb, 2456 bytes, Stack size 24 bytes, main.o(i.Led_Ctrl))
<BR><BR>[Stack]<UL><LI>Max Depth = 52<LI>Call Chain = Led_Ctrl &rArr; __aeabi_idivmod &rArr; __aeabi_uidivmod
</UL>
<BR>[Calls]<UL><LI><a href="#[65]">&gt;&gt;</a>&nbsp;&nbsp;&nbsp;DigiTube_YouLiang_Ctr
<LI><a href="#[68]">&gt;&gt;</a>&nbsp;&nbsp;&nbsp;DigiTube_ShiJian_Ctr
<LI><a href="#[69]">&gt;&gt;</a>&nbsp;&nbsp;&nbsp;DigiTube_KaiGuanJi_Ctr
<LI><a href="#[6c]">&gt;&gt;</a>&nbsp;&nbsp;&nbsp;DigiTube_HuoYan_Level_Ctr
<LI><a href="#[6a]">&gt;&gt;</a>&nbsp;&nbsp;&nbsp;DigiTube_HuoYan_KaiGuan_Ctr
<LI><a href="#[67]">&gt;&gt;</a>&nbsp;&nbsp;&nbsp;DigiTube_HuoYan_Ctr
<LI><a href="#[66]">&gt;&gt;</a>&nbsp;&nbsp;&nbsp;DigiTube_GongLv_Ctr
<LI><a href="#[6d]">&gt;&gt;</a>&nbsp;&nbsp;&nbsp;DigiTube_DianLiang_Ctr1
<LI><a href="#[64]">&gt;&gt;</a>&nbsp;&nbsp;&nbsp;DigiTube_DianLiang_Ctr
<LI><a href="#[4f]">&gt;&gt;</a>&nbsp;&nbsp;&nbsp;DigiTubeCtr_Level_State_Ctrl
<LI><a href="#[50]">&gt;&gt;</a>&nbsp;&nbsp;&nbsp;DigiTubeCtr_Level_State_All_On
<LI><a href="#[47]">&gt;&gt;</a>&nbsp;&nbsp;&nbsp;LED_parameter_Reset
<LI><a href="#[46]">&gt;&gt;</a>&nbsp;&nbsp;&nbsp;Clear_LED_Old_Happen_WithOut_Charge_LED_Hap
<LI><a href="#[6b]">&gt;&gt;</a>&nbsp;&nbsp;&nbsp;rand
<LI><a href="#[1d]">&gt;&gt;</a>&nbsp;&nbsp;&nbsp;__aeabi_idivmod
</UL>
<BR>[Called By]<UL><LI><a href="#[23]">&gt;&gt;</a>&nbsp;&nbsp;&nbsp;$Super$$main
</UL>

<P><STRONG><a name="[6e]"></a>Mic2Dete</STRONG> (Thumb, 340 bytes, Stack size 16 bytes, main.o(i.Mic2Dete))
<BR><BR>[Stack]<UL><LI>Max Depth = 60<LI>Call Chain = Mic2Dete &rArr; ADC_GetData &rArr; GET_ADCValue &rArr; APP_AdcEnable
</UL>
<BR>[Calls]<UL><LI><a href="#[24]">&gt;&gt;</a>&nbsp;&nbsp;&nbsp;ADC_GetData
<LI><a href="#[1e]">&gt;&gt;</a>&nbsp;&nbsp;&nbsp;__aeabi_uidivmod
</UL>
<BR>[Called By]<UL><LI><a href="#[70]">&gt;&gt;</a>&nbsp;&nbsp;&nbsp;sys_time_isr_process
</UL>

<P><STRONG><a name="[6f]"></a>MicDete</STRONG> (Thumb, 126 bytes, Stack size 16 bytes, main.o(i.MicDete))
<BR><BR>[Stack]<UL><LI>Max Depth = 16<LI>Call Chain = MicDete
</UL>
<BR>[Calls]<UL><LI><a href="#[47]">&gt;&gt;</a>&nbsp;&nbsp;&nbsp;LED_parameter_Reset
<LI><a href="#[46]">&gt;&gt;</a>&nbsp;&nbsp;&nbsp;Clear_LED_Old_Happen_WithOut_Charge_LED_Hap
<LI><a href="#[45]">&gt;&gt;</a>&nbsp;&nbsp;&nbsp;LL_GPIO_IsInputPinSet
</UL>
<BR>[Called By]<UL><LI><a href="#[23]">&gt;&gt;</a>&nbsp;&nbsp;&nbsp;$Super$$main
</UL>

<P><STRONG><a name="[1]"></a>NMI_Handler</STRONG> (Thumb, 2 bytes, Stack size 0 bytes, py32c6xx_it.o(i.NMI_Handler))
<BR>[Address Reference Count : 1]<UL><LI> startup_py32c616xx.o(RESET)
</UL>
<P><STRONG><a name="[4]"></a>PendSV_Handler</STRONG> (Thumb, 2 bytes, Stack size 0 bytes, py32c6xx_it.o(i.PendSV_Handler))
<BR>[Address Reference Count : 1]<UL><LI> startup_py32c616xx.o(RESET)
</UL>
<P><STRONG><a name="[3]"></a>SVC_Handler</STRONG> (Thumb, 2 bytes, Stack size 0 bytes, py32c6xx_it.o(i.SVC_Handler))
<BR>[Address Reference Count : 1]<UL><LI> startup_py32c616xx.o(RESET)
</UL>
<P><STRONG><a name="[5b]"></a>Safe_Stop_Hearting</STRONG> (Thumb, 50 bytes, Stack size 0 bytes, main.o(i.Safe_Stop_Hearting))
<BR><BR>[Called By]<UL><LI><a href="#[61]">&gt;&gt;</a>&nbsp;&nbsp;&nbsp;KeyDete
<LI><a href="#[5c]">&gt;&gt;</a>&nbsp;&nbsp;&nbsp;Hearting_Working
<LI><a href="#[5a]">&gt;&gt;</a>&nbsp;&nbsp;&nbsp;Hearting_Ctrl
</UL>

<P><STRONG><a name="[5]"></a>SysTick_Handler</STRONG> (Thumb, 8 bytes, Stack size 8 bytes, py32c6xx_it.o(i.SysTick_Handler))
<BR><BR>[Stack]<UL><LI>Max Depth = 92<LI>Call Chain = SysTick_Handler &rArr; sys_time_isr_process &rArr; Hearting_Working &rArr; ADC_GetData &rArr; GET_ADCValue &rArr; APP_AdcEnable
</UL>
<BR>[Calls]<UL><LI><a href="#[70]">&gt;&gt;</a>&nbsp;&nbsp;&nbsp;sys_time_isr_process
</UL>
<BR>[Address Reference Count : 1]<UL><LI> startup_py32c616xx.o(RESET)
</UL>
<P><STRONG><a name="[71]"></a>SystemClock_Config</STRONG> (Thumb, 110 bytes, Stack size 8 bytes, bsp.o(i.SystemClock_Config))
<BR><BR>[Stack]<UL><LI>Max Depth = 28<LI>Call Chain = SystemClock_Config &rArr; LL_Init100usTick &rArr; __aeabi_uidivmod
</UL>
<BR>[Calls]<UL><LI><a href="#[62]">&gt;&gt;</a>&nbsp;&nbsp;&nbsp;LL_Init100usTick
<LI><a href="#[72]">&gt;&gt;</a>&nbsp;&nbsp;&nbsp;LL_SetSystemCoreClock
</UL>
<BR>[Called By]<UL><LI><a href="#[4d]">&gt;&gt;</a>&nbsp;&nbsp;&nbsp;init_devices
</UL>

<P><STRONG><a name="[17]"></a>SystemInit</STRONG> (Thumb, 30 bytes, Stack size 0 bytes, system_py32c6xx.o(i.SystemInit))
<BR>[Address Reference Count : 1]<UL><LI> startup_py32c616xx.o(.text)
</UL>
<P><STRONG><a name="[84]"></a>__scatterload_copy</STRONG> (Thumb, 14 bytes, Stack size unknown bytes, handlers.o(i.__scatterload_copy), UNUSED)

<P><STRONG><a name="[85]"></a>__scatterload_null</STRONG> (Thumb, 2 bytes, Stack size unknown bytes, handlers.o(i.__scatterload_null), UNUSED)

<P><STRONG><a name="[86]"></a>__scatterload_zeroinit</STRONG> (Thumb, 14 bytes, Stack size unknown bytes, handlers.o(i.__scatterload_zeroinit), UNUSED)

<P><STRONG><a name="[4d]"></a>init_devices</STRONG> (Thumb, 26 bytes, Stack size 8 bytes, main.o(i.init_devices))
<BR><BR>[Stack]<UL><LI>Max Depth = 76<LI>Call Chain = init_devices &rArr; GPIOInit &rArr; LL_GPIO_Init
</UL>
<BR>[Calls]<UL><LI><a href="#[71]">&gt;&gt;</a>&nbsp;&nbsp;&nbsp;SystemClock_Config
<LI><a href="#[5d]">&gt;&gt;</a>&nbsp;&nbsp;&nbsp;IWDG_Config
<LI><a href="#[49]">&gt;&gt;</a>&nbsp;&nbsp;&nbsp;GPIOInit
<LI><a href="#[2e]">&gt;&gt;</a>&nbsp;&nbsp;&nbsp;APP_ConfigLPTIM_OneShot
<LI><a href="#[2b]">&gt;&gt;</a>&nbsp;&nbsp;&nbsp;APP_ConfigADC
</UL>
<BR>[Called By]<UL><LI><a href="#[48]">&gt;&gt;</a>&nbsp;&nbsp;&nbsp;CheckSleep
<LI><a href="#[23]">&gt;&gt;</a>&nbsp;&nbsp;&nbsp;$Super$$main
</UL>

<P><STRONG><a name="[23]"></a>$Super$$main</STRONG> (Thumb, 432 bytes, Stack size 0 bytes, main.o(i.main))
<BR><BR>[Stack]<UL><LI>Max Depth = 116<LI>Call Chain = $Super$$main &rArr; Hearting_Ctrl &rArr; read_Batvol0 &rArr; ADC_GetData &rArr; GET_ADCValue &rArr; APP_AdcEnable
</UL>
<BR>[Calls]<UL><LI><a href="#[50]">&gt;&gt;</a>&nbsp;&nbsp;&nbsp;DigiTubeCtr_Level_State_All_On
<LI><a href="#[27]">&gt;&gt;</a>&nbsp;&nbsp;&nbsp;Delay
<LI><a href="#[37]">&gt;&gt;</a>&nbsp;&nbsp;&nbsp;APP_FlashOBProgram
<LI><a href="#[4d]">&gt;&gt;</a>&nbsp;&nbsp;&nbsp;init_devices
<LI><a href="#[6f]">&gt;&gt;</a>&nbsp;&nbsp;&nbsp;MicDete
<LI><a href="#[63]">&gt;&gt;</a>&nbsp;&nbsp;&nbsp;Led_Ctrl
<LI><a href="#[61]">&gt;&gt;</a>&nbsp;&nbsp;&nbsp;KeyDete
<LI><a href="#[60]">&gt;&gt;</a>&nbsp;&nbsp;&nbsp;Key4Dete
<LI><a href="#[5f]">&gt;&gt;</a>&nbsp;&nbsp;&nbsp;Key3Dete
<LI><a href="#[5e]">&gt;&gt;</a>&nbsp;&nbsp;&nbsp;Key2Dete
<LI><a href="#[5a]">&gt;&gt;</a>&nbsp;&nbsp;&nbsp;Hearting_Ctrl
<LI><a href="#[48]">&gt;&gt;</a>&nbsp;&nbsp;&nbsp;CheckSleep
<LI><a href="#[44]">&gt;&gt;</a>&nbsp;&nbsp;&nbsp;ChargeDete
<LI><a href="#[42]">&gt;&gt;</a>&nbsp;&nbsp;&nbsp;BatVol_SOC_Proce1
<LI><a href="#[3f]">&gt;&gt;</a>&nbsp;&nbsp;&nbsp;BatVol_SOC_Proce
</UL>
<BR>[Called By]<UL><LI><a href="#[16]">&gt;&gt;</a>&nbsp;&nbsp;&nbsp;main
</UL>

<P><STRONG><a name="[43]"></a>read_Batvol</STRONG> (Thumb, 98 bytes, Stack size 16 bytes, main.o(i.read_Batvol))
<BR><BR>[Stack]<UL><LI>Max Depth = 60<LI>Call Chain = read_Batvol &rArr; ADC_GetData &rArr; GET_ADCValue &rArr; APP_AdcEnable
</UL>
<BR>[Calls]<UL><LI><a href="#[24]">&gt;&gt;</a>&nbsp;&nbsp;&nbsp;ADC_GetData
<LI><a href="#[1e]">&gt;&gt;</a>&nbsp;&nbsp;&nbsp;__aeabi_uidivmod
</UL>
<BR>[Called By]<UL><LI><a href="#[42]">&gt;&gt;</a>&nbsp;&nbsp;&nbsp;BatVol_SOC_Proce1
</UL>

<P><STRONG><a name="[41]"></a>read_Batvol0</STRONG> (Thumb, 98 bytes, Stack size 16 bytes, main.o(i.read_Batvol0))
<BR><BR>[Stack]<UL><LI>Max Depth = 60<LI>Call Chain = read_Batvol0 &rArr; ADC_GetData &rArr; GET_ADCValue &rArr; APP_AdcEnable
</UL>
<BR>[Calls]<UL><LI><a href="#[24]">&gt;&gt;</a>&nbsp;&nbsp;&nbsp;ADC_GetData
<LI><a href="#[1e]">&gt;&gt;</a>&nbsp;&nbsp;&nbsp;__aeabi_uidivmod
</UL>
<BR>[Called By]<UL><LI><a href="#[5a]">&gt;&gt;</a>&nbsp;&nbsp;&nbsp;Hearting_Ctrl
<LI><a href="#[3f]">&gt;&gt;</a>&nbsp;&nbsp;&nbsp;BatVol_SOC_Proce
</UL>

<P><STRONG><a name="[70]"></a>sys_time_isr_process</STRONG> (Thumb, 132 bytes, Stack size 16 bytes, main.o(i.sys_time_isr_process))
<BR><BR>[Stack]<UL><LI>Max Depth = 84<LI>Call Chain = sys_time_isr_process &rArr; Hearting_Working &rArr; ADC_GetData &rArr; GET_ADCValue &rArr; APP_AdcEnable
</UL>
<BR>[Calls]<UL><LI><a href="#[73]">&gt;&gt;</a>&nbsp;&nbsp;&nbsp;DigiTubeCtr_Seq
<LI><a href="#[74]">&gt;&gt;</a>&nbsp;&nbsp;&nbsp;DigiTubeCtr_Play
<LI><a href="#[6e]">&gt;&gt;</a>&nbsp;&nbsp;&nbsp;Mic2Dete
<LI><a href="#[5c]">&gt;&gt;</a>&nbsp;&nbsp;&nbsp;Hearting_Working
</UL>
<BR>[Called By]<UL><LI><a href="#[5]">&gt;&gt;</a>&nbsp;&nbsp;&nbsp;SysTick_Handler
</UL>
<P>
<H3>
Local Symbols
</H3>
<P><STRONG><a name="[4a]"></a>LL_ADC_Disable</STRONG> (Thumb, 158 bytes, Stack size 16 bytes, main.o(i.LL_ADC_Disable))
<BR><BR>[Stack]<UL><LI>Max Depth = 16<LI>Call Chain = LL_ADC_Disable
</UL>
<BR>[Called By]<UL><LI><a href="#[48]">&gt;&gt;</a>&nbsp;&nbsp;&nbsp;CheckSleep
</UL>

<P><STRONG><a name="[45]"></a>LL_GPIO_IsInputPinSet</STRONG> (Thumb, 14 bytes, Stack size 0 bytes, main.o(i.LL_GPIO_IsInputPinSet))
<BR><BR>[Called By]<UL><LI><a href="#[6f]">&gt;&gt;</a>&nbsp;&nbsp;&nbsp;MicDete
<LI><a href="#[61]">&gt;&gt;</a>&nbsp;&nbsp;&nbsp;KeyDete
<LI><a href="#[60]">&gt;&gt;</a>&nbsp;&nbsp;&nbsp;Key4Dete
<LI><a href="#[5f]">&gt;&gt;</a>&nbsp;&nbsp;&nbsp;Key3Dete
<LI><a href="#[5e]">&gt;&gt;</a>&nbsp;&nbsp;&nbsp;Key2Dete
<LI><a href="#[44]">&gt;&gt;</a>&nbsp;&nbsp;&nbsp;ChargeDete
</UL>

<P><STRONG><a name="[4c]"></a>LL_GPIO_SetPinPull</STRONG> (Thumb, 20 bytes, Stack size 8 bytes, main.o(i.LL_GPIO_SetPinPull))
<BR><BR>[Stack]<UL><LI>Max Depth = 8<LI>Call Chain = LL_GPIO_SetPinPull
</UL>
<BR>[Called By]<UL><LI><a href="#[48]">&gt;&gt;</a>&nbsp;&nbsp;&nbsp;CheckSleep
</UL>

<P><STRONG><a name="[2c]"></a>LL_ADC_Reset</STRONG> (Thumb, 20 bytes, Stack size 0 bytes, bsp.o(i.LL_ADC_Reset))
<BR><BR>[Called By]<UL><LI><a href="#[2b]">&gt;&gt;</a>&nbsp;&nbsp;&nbsp;APP_ConfigADC
</UL>

<P><STRONG><a name="[2f]"></a>LL_APB1_GRP1_EnableClock</STRONG> (Thumb, 18 bytes, Stack size 8 bytes, bsp.o(i.LL_APB1_GRP1_EnableClock))
<BR><BR>[Stack]<UL><LI>Max Depth = 8<LI>Call Chain = LL_APB1_GRP1_EnableClock
</UL>
<BR>[Called By]<UL><LI><a href="#[36]">&gt;&gt;</a>&nbsp;&nbsp;&nbsp;APP_EnterStop
<LI><a href="#[2e]">&gt;&gt;</a>&nbsp;&nbsp;&nbsp;APP_ConfigLPTIM_OneShot
</UL>

<P><STRONG><a name="[2d]"></a>LL_APB1_GRP2_EnableClock</STRONG> (Thumb, 18 bytes, Stack size 8 bytes, bsp.o(i.LL_APB1_GRP2_EnableClock))
<BR><BR>[Stack]<UL><LI>Max Depth = 8<LI>Call Chain = LL_APB1_GRP2_EnableClock
</UL>
<BR>[Called By]<UL><LI><a href="#[2b]">&gt;&gt;</a>&nbsp;&nbsp;&nbsp;APP_ConfigADC
</UL>

<P><STRONG><a name="[34]"></a>LL_EXTI_SetEXTISource</STRONG> (Thumb, 30 bytes, Stack size 8 bytes, bsp.o(i.LL_EXTI_SetEXTISource))
<BR><BR>[Stack]<UL><LI>Max Depth = 8<LI>Call Chain = LL_EXTI_SetEXTISource
</UL>
<BR>[Called By]<UL><LI><a href="#[33]">&gt;&gt;</a>&nbsp;&nbsp;&nbsp;APP_ConfigureEXTI
</UL>

<P><STRONG><a name="[55]"></a>LL_GPIO_SetPinMode</STRONG> (Thumb, 20 bytes, Stack size 8 bytes, bsp.o(i.LL_GPIO_SetPinMode))
<BR><BR>[Stack]<UL><LI>Max Depth = 8<LI>Call Chain = LL_GPIO_SetPinMode
</UL>
<BR>[Called By]<UL><LI><a href="#[49]">&gt;&gt;</a>&nbsp;&nbsp;&nbsp;GPIOInit
</UL>

<P><STRONG><a name="[56]"></a>LL_GPIO_SetPinPull</STRONG> (Thumb, 20 bytes, Stack size 8 bytes, bsp.o(i.LL_GPIO_SetPinPull))
<BR><BR>[Stack]<UL><LI>Max Depth = 8<LI>Call Chain = LL_GPIO_SetPinPull
</UL>
<BR>[Called By]<UL><LI><a href="#[49]">&gt;&gt;</a>&nbsp;&nbsp;&nbsp;GPIOInit
</UL>

<P><STRONG><a name="[29]"></a>LL_IOP_GRP1_EnableClock</STRONG> (Thumb, 18 bytes, Stack size 8 bytes, bsp.o(i.LL_IOP_GRP1_EnableClock))
<BR><BR>[Stack]<UL><LI>Max Depth = 8<LI>Call Chain = LL_IOP_GRP1_EnableClock
</UL>
<BR>[Called By]<UL><LI><a href="#[49]">&gt;&gt;</a>&nbsp;&nbsp;&nbsp;GPIOInit
<LI><a href="#[28]">&gt;&gt;</a>&nbsp;&nbsp;&nbsp;APP_AdcConfig
</UL>

<P><STRONG><a name="[30]"></a>LL_RCC_LSI_Enable</STRONG> (Thumb, 12 bytes, Stack size 0 bytes, bsp.o(i.LL_RCC_LSI_Enable))
<BR><BR>[Called By]<UL><LI><a href="#[5d]">&gt;&gt;</a>&nbsp;&nbsp;&nbsp;IWDG_Config
<LI><a href="#[2e]">&gt;&gt;</a>&nbsp;&nbsp;&nbsp;APP_ConfigLPTIM_OneShot
</UL>

<P><STRONG><a name="[31]"></a>NVIC_EnableIRQ</STRONG> (Thumb, 14 bytes, Stack size 0 bytes, bsp.o(i.NVIC_EnableIRQ))
<BR><BR>[Called By]<UL><LI><a href="#[33]">&gt;&gt;</a>&nbsp;&nbsp;&nbsp;APP_ConfigureEXTI
<LI><a href="#[2e]">&gt;&gt;</a>&nbsp;&nbsp;&nbsp;APP_ConfigLPTIM_OneShot
</UL>

<P><STRONG><a name="[32]"></a>NVIC_SetPriority</STRONG> (Thumb, 60 bytes, Stack size 0 bytes, bsp.o(i.NVIC_SetPriority))
<BR><BR>[Called By]<UL><LI><a href="#[33]">&gt;&gt;</a>&nbsp;&nbsp;&nbsp;APP_ConfigureEXTI
<LI><a href="#[2e]">&gt;&gt;</a>&nbsp;&nbsp;&nbsp;APP_ConfigLPTIM_OneShot
</UL>

<P><STRONG><a name="[59]"></a>FLASH_OB_GetRDP</STRONG> (Thumb, 12 bytes, Stack size 0 bytes, py32c6xx_hal_flash.o(i.FLASH_OB_GetRDP))
<BR><BR>[Called By]<UL><LI><a href="#[3a]">&gt;&gt;</a>&nbsp;&nbsp;&nbsp;HAL_FLASH_OBProgram
</UL>

<P><STRONG><a name="[57]"></a>FLASH_OB_GetUser</STRONG> (Thumb, 12 bytes, Stack size 0 bytes, py32c6xx_hal_flash.o(i.FLASH_OB_GetUser))
<BR><BR>[Called By]<UL><LI><a href="#[3a]">&gt;&gt;</a>&nbsp;&nbsp;&nbsp;HAL_FLASH_OBProgram
</UL>

<P><STRONG><a name="[58]"></a>FLASH_OB_OptrConfig</STRONG> (Thumb, 20 bytes, Stack size 12 bytes, py32c6xx_hal_flash.o(i.FLASH_OB_OptrConfig))
<BR><BR>[Stack]<UL><LI>Max Depth = 12<LI>Call Chain = FLASH_OB_OptrConfig
</UL>
<BR>[Called By]<UL><LI><a href="#[3a]">&gt;&gt;</a>&nbsp;&nbsp;&nbsp;HAL_FLASH_OBProgram
</UL>

<P><STRONG><a name="[51]"></a>FLASH_WaitForLastOperation</STRONG> (Thumb, 42 bytes, Stack size 16 bytes, py32c6xx_hal_flash.o(i.FLASH_WaitForLastOperation))
<BR><BR>[Stack]<UL><LI>Max Depth = 16<LI>Call Chain = FLASH_WaitForLastOperation
</UL>
<BR>[Calls]<UL><LI><a href="#[52]">&gt;&gt;</a>&nbsp;&nbsp;&nbsp;HAL_GetTick
</UL>
<BR>[Called By]<UL><LI><a href="#[3a]">&gt;&gt;</a>&nbsp;&nbsp;&nbsp;HAL_FLASH_OBProgram
</UL>
<P>
<H3>
Undefined Global Symbols
</H3>
<P><STRONG><a name="[1c]"></a>__arm_fini_</STRONG> (Unknown, 0 bytes, Stack size 0 bytes, UNDEFINED)
<BR><BR>[Called By]<UL><LI><a href="#[1b]">&gt;&gt;</a>&nbsp;&nbsp;&nbsp;__rt_lib_shutdown_fini
</UL>
<HR></body></html>
