<html>
<body>
<pre>
<h1>µVision Build Log</h1>
<h2>Tool Versions:</h2>
IDE-Version: ¦ÌVision V5.34.0.0
Copyright (C) 2021 ARM Ltd and ARM Germany GmbH. All rights reserved.
License Information: 111 549287535@qq.com, 111, LIC=9WSKC-7AXJH-74DS0-BAP2D-78GHG-PFF7I
 
Tool Versions:
Toolchain:       MDK-ARM Plus  Version: 5.34.0.0
Toolchain Path:  D:\keil5\MDK\ARM\ARMCC\Bin
C Compiler:      Armcc.exe V5.06 update 7 (build 960)
Assembler:       Armasm.exe V5.06 update 7 (build 960)
Linker/Locator:  ArmLink.exe V5.06 update 7 (build 960)
Library Manager: ArmAr.exe V5.06 update 7 (build 960)
Hex Converter:   FromElf.exe V5.06 update 7 (build 960)
CPU DLL:         SARMCM3.DLL V5.34.0.0
Dialog DLL:      DARMCM1.DLL V1.19.4.0
Target DLL:      STLink\ST-LINKIII-KEIL_SWO.dll V3.0.8.0
Dialog DLL:      TARMCM1.DLL V1.14.3.0
 
<h2>Project:</h2>
D:\ÏîÄ¿\S34\S34\Èí¼þ\JM-S34-616_SCH1_1_V1_1 20240508\MDK-ARM\Project.uvprojx
Project File Date:  07/02/2024

<h2>Output:</h2>
*** Using Compiler 'V5.06 update 7 (build 960)', folder: 'D:\keil5\MDK\ARM\ARMCC\Bin'
Build target 'Project'
compiling main.c...
..\Inc\DigiTube.h(42): warning:  #1295-D: Deprecated declaration DigiTubeCtr_Level_State_All_On - give arg types
  void DigiTubeCtr_Level_State_All_On();
..\Inc\DigiTube.h(43): warning:  #1295-D: Deprecated declaration DigiTubeCtr_Level_State_All_Off - give arg types
  void DigiTubeCtr_Level_State_All_Off();
..\Inc\DigiTube.h(44): warning:  #1295-D: Deprecated declaration DigiTubeCtr_Level_State_Ctrl - give arg types
  void DigiTubeCtr_Level_State_Ctrl();
..\Src\main.c(1279): warning:  #127-D: expected a statement
  	}
..\Src\main.c(2370): warning:  #68-D: integer conversion resulted in a change of sign
  					R_LED_Horse_Addend = -1;
..\Src\main.c: 5 warnings, 0 errors
linking...
Program Size: Code=16504 RO-data=256 RW-data=576 ZI-data=1256  
FromELF: creating hex file...
".\Output\Project.axf" - 0 Error(s), 5 Warning(s).

<h2>Software Packages used:</h2>

Package Vendor: Puya
                https://www.puyasemi.com/Puya.PY32C616_DFP.1.0.0.pack
                Puya.PY32C616_DFP.1.0.0
                Puya PY32C616 Series Device Support

<h2>Collection of Component include folders:</h2>
  D:\keil5\MDK\Puya\PY32C616_DFP\1.0.0\Device\Include

<h2>Collection of Component Files used:</h2>
Build Time Elapsed:  00:00:01
</pre>
</body>
</html>
